test_adapter_runs_only_its_own_graph (tests.test_taskplan_scheduler.TaskPlanSchedulerTests.test_adapter_runs_only_its_own_graph) ... ok
test_deadline_extension_cannot_reuse_original_authorization_context (tests.test_taskplan_scheduler.TaskPlanSchedulerTests.test_deadline_extension_cannot_reuse_original_authorization_context) ... ok
test_draft_cannot_be_approved (tests.test_taskplan_scheduler.TaskPlanSchedulerTests.test_draft_cannot_be_approved) ... ok
test_edited_completed_output_is_preserved_and_blocks_replay (tests.test_taskplan_scheduler.TaskPlanSchedulerTests.test_edited_completed_output_is_preserved_and_blocks_replay) ... ok
test_new_executor_actions_reject_extra_fields_and_non_documents (tests.test_taskplan_scheduler.TaskPlanSchedulerTests.test_new_executor_actions_reject_extra_fields_and_non_documents) ... ok
test_offline_design_never_activates_or_dispatches_subprocess (tests.test_taskplan_scheduler.TaskPlanSchedulerTests.test_offline_design_never_activates_or_dispatches_subprocess) ... ok
test_old_confirmation_cannot_renew_expired_approval (tests.test_taskplan_scheduler.TaskPlanSchedulerTests.test_old_confirmation_cannot_renew_expired_approval) ... ok
test_order_evidence_host_missing_and_transitive_freeze (tests.test_taskplan_scheduler.TaskPlanSchedulerTests.test_order_evidence_host_missing_and_transitive_freeze) ... ok
test_partial_document_failure_uses_transaction_rollback (tests.test_taskplan_scheduler.TaskPlanSchedulerTests.test_partial_document_failure_uses_transaction_rollback) ... ok
test_plain_service_receipt_and_invalid_deadline_are_rejected (tests.test_taskplan_scheduler.TaskPlanSchedulerTests.test_plain_service_receipt_and_invalid_deadline_are_rejected) ... ok
test_preimage_drift_fails_task_and_freezes_successors (tests.test_taskplan_scheduler.TaskPlanSchedulerTests.test_preimage_drift_fails_task_and_freezes_successors) ... ok
test_preview_and_confirmation_are_zero_write_and_deterministic (tests.test_taskplan_scheduler.TaskPlanSchedulerTests.test_preview_and_confirmation_are_zero_write_and_deterministic) ... ok
test_repeat_is_idempotent_with_no_new_receipts_or_document_writes (tests.test_taskplan_scheduler.TaskPlanSchedulerTests.test_repeat_is_idempotent_with_no_new_receipts_or_document_writes) ... ok
test_rollback_keeps_receipts_and_blocks_completed_output_replay (tests.test_taskplan_scheduler.TaskPlanSchedulerTests.test_rollback_keeps_receipts_and_blocks_completed_output_replay) ... ok
test_session_revision_change_stops_before_enqueue (tests.test_taskplan_scheduler.TaskPlanSchedulerTests.test_session_revision_change_stops_before_enqueue) ... ok
test_symlink_replacement_after_confirmation_preserves_external_file (tests.test_taskplan_scheduler.TaskPlanSchedulerTests.test_symlink_replacement_after_confirmation_preserves_external_file) ... ok
test_tampered_and_stale_preview_cannot_be_approved (tests.test_taskplan_scheduler.TaskPlanSchedulerTests.test_tampered_and_stale_preview_cannot_be_approved) ... ok
test_unknown_completion_does_not_replay_document_transaction (tests.test_taskplan_scheduler.TaskPlanSchedulerTests.test_unknown_completion_does_not_replay_document_transaction) ... ok
test_wrong_confirmation_expiry_tamper_and_root_rejected_before_scheduler (tests.test_taskplan_scheduler.TaskPlanSchedulerTests.test_wrong_confirmation_expiry_tamper_and_root_rejected_before_scheduler) ... ok

----------------------------------------------------------------------
Ran 19 tests in 3.165s

OK
